\BOOKMARK [0][-]{chapter*.2}{\376\377\173\046\123\367\213\364\146\016}{}% 1
\BOOKMARK [0][-]{chapter*.3}{\376\377\122\115\212\000}{}% 2
\BOOKMARK [0][-]{chapter.1}{\376\377\145\160\133\146\230\204\131\007\167\345\213\306}{}% 3
\BOOKMARK [1][-]{section.1.1}{\376\377\150\007\221\317\060\001\167\342\221\317\116\016\137\040\221\317}{chapter.1}% 4
\BOOKMARK [1][-]{section.1.2}{\376\377\167\342\221\317\116\343\145\160}{chapter.1}% 5
\BOOKMARK [2][-]{subsection.1.2.1}{\376\377\160\271\171\357\377\010\150\007\221\317\171\357\377\011}{section.1.2}% 6
\BOOKMARK [2][-]{subsection.1.2.2}{\376\377\123\311\171\357\377\010\167\342\221\317\171\357\377\011}{section.1.2}% 7
\BOOKMARK [2][-]{subsection.1.2.3}{\376\377\155\367\124\010\171\357\116\016\000B\000A\000C\000-\000C\000A\000B\154\325\122\031}{section.1.2}% 8
\BOOKMARK [2][-]{subsection.1.2.4}{\376\377\136\166\167\342\127\372\170\100}{section.1.2}% 9
\BOOKMARK [1][-]{section.1.3}{\376\377\150\257\136\246\060\001\145\143\136\246\116\016\145\313\136\246}{chapter.1}% 10
\BOOKMARK [2][-]{subsection.1.3.1}{\376\377\150\257\136\246\377\010\000G\000r\000a\000d\000i\000e\000n\000t\377\011}{section.1.3}% 11
\BOOKMARK [2][-]{subsection.1.3.2}{\376\377\145\143\136\246\377\010\000D\000i\000v\000e\000r\000g\000e\000n\000c\000e\377\011}{section.1.3}% 12
\BOOKMARK [2][-]{subsection.1.3.3}{\376\377\145\313\136\246\377\010\000C\000u\000r\000l\377\011}{section.1.3}% 13
\BOOKMARK [1][-]{section.1.4}{\376\377\167\342\221\317\137\256\122\006\173\227\133\120\166\204\221\315\211\201\140\122\173\111\137\017}{chapter.1}% 14
\BOOKMARK [1][-]{section.1.5}{\376\377\167\342\221\317\171\357\122\006\133\232\164\006}{chapter.1}% 15
\BOOKMARK [2][-]{subsection.1.5.1}{\376\377\232\330\145\257\145\143\136\246\133\232\164\006\377\010\000G\000a\000u\000s\000s\000'\000s\000\040\000D\000i\000v\000e\000r\000g\000e\000n\000c\000e\000\040\000T\000h\000e\000o\000r\000e\000m\377\011}{section.1.5}% 16
\BOOKMARK [2][-]{subsection.1.5.2}{\376\377\145\257\142\130\121\113\145\257\133\232\164\006\377\010\000S\000t\000o\000k\000e\000s\000'\000\040\000T\000h\000e\000o\000r\000e\000m\377\011}{section.1.5}% 17
\BOOKMARK [1][-]{section.1.6}{\376\377\000D\000i\000r\000a\000c\000\040\000\040\121\375\145\160}{chapter.1}% 18
\BOOKMARK [2][-]{subsection.1.6.1}{\376\377\133\232\116\111\116\016\127\372\147\054\140\047\215\050}{section.1.6}% 19
\BOOKMARK [2][-]{subsection.1.6.2}{\376\377\121\375\145\160\166\204\177\051\145\076\140\047\215\050\116\016\131\015\124\010\121\375\145\160}{section.1.6}% 20
\BOOKMARK [2][-]{subsection.1.6.3}{\376\377\000\040\121\375\145\160\116\016\160\271\165\065\203\167}{section.1.6}% 21
\BOOKMARK [2][-]{subsection.1.6.4}{\376\377\000\040\121\375\145\160\166\204\221\315\211\201\210\150\171\072}{section.1.6}% 22
\BOOKMARK [1][-]{section.1.7}{\376\377\153\143\116\244\146\362\176\277\127\120\150\007\174\373}{chapter.1}% 23
\BOOKMARK [2][-]{subsection.1.7.1}{\376\377\164\003\127\120\150\007\174\373\000\040\000\050\000r\000,\000\040\000,\000\040\000\051}{section.1.7}% 24
\BOOKMARK [2][-]{subsection.1.7.2}{\376\377\147\361\127\120\150\007\174\373\000\040\000\050\000,\000\040\000,\000\040\000z\000\051}{section.1.7}% 25
\BOOKMARK [2][-]{subsection.1.7.3}{\376\377\123\125\117\115\167\342\221\317\166\204\120\117\133\374\145\160}{section.1.7}% 26
\BOOKMARK [1][-]{tcb@cnt@tip.1.3}{\376\377\173\054\0001\172\340\226\217\130\002\201\352\155\113}{chapter.1}% 27
\BOOKMARK [1][-]{Item.38}{\376\377\173\054\0001\172\340\176\374\124\010\176\303\116\140\230\230}{chapter.1}% 28
\BOOKMARK [1][-]{Item.43}{\376\377\116\140\230\230\211\343\173\124}{chapter.1}% 29
\BOOKMARK [0][-]{chapter.2}{\376\377\227\131\165\065\133\146\127\372\170\100}{}% 30
\BOOKMARK [1][-]{section.2.1}{\376\377\136\223\116\321\133\232\137\213\116\016\165\065\127\072}{chapter.2}% 31
\BOOKMARK [2][-]{subsection.2.1.1}{\376\377\136\223\116\321\133\232\137\213}{section.2.1}% 32
\BOOKMARK [2][-]{subsection.2.1.2}{\376\377\165\065\127\072}{section.2.1}% 33
\BOOKMARK [2][-]{subsection.2.1.3}{\376\377\123\340\122\240\123\237\164\006}{section.2.1}% 34
\BOOKMARK [1][-]{section.2.2}{\376\377\232\330\145\257\133\232\164\006}{chapter.2}% 35
\BOOKMARK [2][-]{subsection.2.2.1}{\376\377\165\065\220\032\221\317}{section.2.2}% 36
\BOOKMARK [2][-]{subsection.2.2.2}{\376\377\232\330\145\257\133\232\164\006\166\204\171\357\122\006\137\142\137\017}{section.2.2}% 37
\BOOKMARK [2][-]{subsection.2.2.3}{\376\377\232\330\145\257\133\232\164\006\166\204\137\256\122\006\137\142\137\017}{section.2.2}% 38
\BOOKMARK [1][-]{section.2.3}{\376\377\163\257\215\357\133\232\164\006\116\016\165\065\122\277}{chapter.2}% 39
\BOOKMARK [2][-]{subsection.2.3.1}{\376\377\227\131\165\065\127\072\166\204\145\340\145\313\140\047}{section.2.3}% 40
\BOOKMARK [2][-]{subsection.2.3.2}{\376\377\165\065\122\277}{section.2.3}% 41
\BOOKMARK [1][-]{section.2.4}{\376\377\154\312\147\176\145\271\172\013\116\016\142\311\146\156\142\311\145\257\145\271\172\013}{chapter.2}% 42
\BOOKMARK [2][-]{subsection.2.4.1}{\376\377\116\316\127\372\147\054\145\271\172\013\122\060\154\312\147\176\145\271\172\013}{section.2.4}% 43
\BOOKMARK [2][-]{subsection.2.4.2}{\376\377\154\312\147\176\145\271\172\013\166\204\220\032\211\343}{section.2.4}% 44
\BOOKMARK [1][-]{section.2.5}{\376\377\125\057\116\000\140\047\133\232\164\006}{chapter.2}% 45
\BOOKMARK [1][-]{tcb@cnt@tip.2.1}{\376\377\173\054\0002\172\340\226\217\130\002\201\352\155\113}{chapter.2}% 46
\BOOKMARK [1][-]{Item.77}{\376\377\173\054\0002\172\340\176\374\124\010\176\303\116\140\230\230}{chapter.2}% 47
\BOOKMARK [1][-]{Item.82}{\376\377\116\140\230\230\211\343\173\124}{chapter.2}% 48
\BOOKMARK [0][-]{chapter.3}{\376\377\165\065\116\313\215\050\116\016\227\131\165\065\217\271\165\114\147\141\116\366}{}% 49
\BOOKMARK [1][-]{section.3.1}{\376\377\165\065\116\313\215\050\166\204\147\201\123\026}{chapter.3}% 50
\BOOKMARK [2][-]{subsection.3.1.1}{\376\377\147\201\123\026\166\204\162\151\164\006\147\072\122\066}{section.3.1}% 51
\BOOKMARK [2][-]{subsection.3.1.2}{\376\377\147\201\123\026\137\072\136\246}{section.3.1}% 52
\BOOKMARK [1][-]{section.3.2}{\376\377\165\065\117\115\171\373\167\342\221\317}{chapter.3}% 53
\BOOKMARK [2][-]{subsection.3.2.1}{\376\377\176\277\140\047\124\004\124\021\124\014\140\047\165\065\116\313\215\050}{section.3.2}% 54
\BOOKMARK [1][-]{section.3.3}{\376\377\227\131\165\065\217\271\165\114\147\141\116\366}{chapter.3}% 55
\BOOKMARK [2][-]{subsection.3.3.1}{\376\377\165\065\127\072\166\204\154\325\124\021\122\006\221\317}{section.3.3}% 56
\BOOKMARK [2][-]{subsection.3.3.2}{\376\377\165\065\127\072\166\204\122\007\124\021\122\006\221\317}{section.3.3}% 57
\BOOKMARK [1][-]{section.3.4}{\376\377\133\374\117\123\210\150\227\142\166\204\217\271\165\114\147\141\116\366}{chapter.3}% 58
\BOOKMARK [1][-]{tcb@cnt@tip.3.1}{\376\377\173\054\0003\172\340\226\217\130\002\201\352\155\113}{chapter.3}% 59
\BOOKMARK [1][-]{Item.111}{\376\377\173\054\0003\172\340\176\374\124\010\176\303\116\140\230\230}{chapter.3}% 60
\BOOKMARK [1][-]{Item.116}{\376\377\116\140\230\230\211\343\173\124}{chapter.3}% 61
\BOOKMARK [0][-]{chapter.4}{\376\377\227\131\165\065\133\146\217\271\120\074\225\356\230\230}{}% 62
\BOOKMARK [1][-]{section.4.1}{\376\377\225\134\120\317\154\325}{chapter.4}% 63
\BOOKMARK [2][-]{subsection.4.1.1}{\376\377\127\372\147\054\123\237\164\006}{section.4.1}% 64
\BOOKMARK [2][-]{subsection.4.1.2}{\376\377\160\271\165\065\203\167\116\016\145\340\226\120\131\047\133\374\117\123\136\163\227\142}{section.4.1}% 65
\BOOKMARK [1][-]{section.4.2}{\376\377\122\006\171\273\123\330\221\317\154\325}{chapter.4}% 66
\BOOKMARK [2][-]{subsection.4.2.1}{\376\377\166\364\211\322\127\120\150\007\174\373\116\055\166\204\122\006\171\273\123\330\221\317}{section.4.2}% 67
\BOOKMARK [2][-]{subsection.4.2.2}{\376\377\164\003\127\120\150\007\174\373\116\055\166\204\122\006\171\273\123\330\221\317}{section.4.2}% 68
\BOOKMARK [2][-]{subsection.4.2.3}{\376\377\147\361\127\120\150\007\174\373\116\055\166\204\217\164\133\371\171\360\122\006\171\273\123\330\221\317}{section.4.2}% 69
\BOOKMARK [1][-]{section.4.3}{\376\377\131\032\147\201\134\125\137\000}{chapter.4}% 70
\BOOKMARK [1][-]{tcb@cnt@tip.4.2}{\376\377\173\054\0004\172\340\226\217\130\002\201\352\155\113}{chapter.4}% 71
\BOOKMARK [1][-]{Item.144}{\376\377\173\054\0004\172\340\176\374\124\010\176\303\116\140\230\230}{chapter.4}% 72
\BOOKMARK [1][-]{Item.149}{\376\377\116\140\230\230\211\343\173\124}{chapter.4}% 73
\BOOKMARK [0][-]{chapter.5}{\376\377\227\131\170\301\133\146}{}% 74
\BOOKMARK [1][-]{section.5.1}{\376\377\153\325\131\145\000-\204\050\117\020\134\024\133\232\137\213}{chapter.5}% 75
\BOOKMARK [1][-]{section.5.2}{\376\377\133\211\127\371\163\257\215\357\133\232\164\006}{chapter.5}% 76
\BOOKMARK [2][-]{subsection.5.2.1}{\376\377\171\357\122\006\137\142\137\017}{section.5.2}% 77
\BOOKMARK [2][-]{subsection.5.2.2}{\376\377\137\256\122\006\137\142\137\017}{section.5.2}% 78
\BOOKMARK [1][-]{section.5.3}{\376\377\227\131\170\301\225\134\120\317\154\325}{chapter.5}% 79
\BOOKMARK [2][-]{subsection.5.3.1}{\376\377\224\301\170\301\136\163\227\142\217\271\165\114}{section.5.3}% 80
\BOOKMARK [1][-]{section.5.4}{\376\377\170\301\167\342\122\277}{chapter.5}% 81
\BOOKMARK [2][-]{subsection.5.4.1}{\376\377\137\025\121\145\170\301\167\342\122\277}{section.5.4}% 82
\BOOKMARK [2][-]{subsection.5.4.2}{\376\377\170\301\167\342\122\277\166\204\145\271\172\013}{section.5.4}% 83
\BOOKMARK [2][-]{subsection.5.4.3}{\376\377\211\304\203\003\123\330\143\142}{section.5.4}% 84
\BOOKMARK [1][-]{section.5.5}{\376\377\170\301\120\166\147\201\133\120}{chapter.5}% 85
\BOOKMARK [1][-]{tcb@cnt@tip.5.2}{\376\377\173\054\0005\172\340\226\217\130\002\201\352\155\113}{chapter.5}% 86
\BOOKMARK [1][-]{Item.168}{\376\377\173\054\0005\172\340\176\374\124\010\176\303\116\140\230\230}{chapter.5}% 87
\BOOKMARK [1][-]{Item.173}{\376\377\116\140\230\230\211\343\173\124}{chapter.5}% 88
\BOOKMARK [0][-]{chapter.6}{\376\377\170\301\116\313\215\050}{}% 89
\BOOKMARK [1][-]{section.6.1}{\376\377\170\301\116\313\215\050\166\204\170\301\123\026}{chapter.6}% 90
\BOOKMARK [2][-]{subsection.6.1.1}{\376\377\170\301\123\026\166\204\162\151\164\006\147\072\122\066}{section.6.1}% 91
\BOOKMARK [2][-]{subsection.6.1.2}{\376\377\170\301\123\026\137\072\136\246}{section.6.1}% 92
\BOOKMARK [1][-]{section.6.2}{\376\377\170\301\127\072\137\072\136\246}{chapter.6}% 93
\BOOKMARK [1][-]{section.6.3}{\376\377\170\301\133\146\217\271\165\114\147\141\116\366}{chapter.6}% 94
\BOOKMARK [2][-]{subsection.6.3.1}{\376\377\170\301\131\032\147\201\134\125\137\000}{section.6.3}% 95
\BOOKMARK [1][-]{tcb@cnt@tip.6.1}{\376\377\173\054\0006\172\340\226\217\130\002\201\352\155\113}{chapter.6}% 96
\BOOKMARK [1][-]{Item.200}{\376\377\173\054\0006\172\340\176\374\124\010\176\303\116\140\230\230}{chapter.6}% 97
\BOOKMARK [1][-]{Item.205}{\376\377\116\140\230\230\211\343\173\124}{chapter.6}% 98
\BOOKMARK [0][-]{chapter.7}{\376\377\236\246\121\113\145\257\227\346\145\271\172\013\176\304}{}% 99
\BOOKMARK [1][-]{section.7.1}{\376\377\154\325\142\311\173\054\165\065\170\301\141\037\136\224\133\232\137\213}{chapter.7}% 100
\BOOKMARK [2][-]{subsection.7.1.1}{\376\377\133\236\232\214\127\372\170\100}{section.7.1}% 101
\BOOKMARK [2][-]{subsection.7.1.2}{\376\377\171\357\122\006\137\142\137\017}{section.7.1}% 102
\BOOKMARK [2][-]{subsection.7.1.3}{\376\377\137\256\122\006\137\142\137\017}{section.7.1}% 103
\BOOKMARK [2][-]{subsection.7.1.4}{\376\377\145\366\123\330\165\065\170\301\122\277}{section.7.1}% 104
\BOOKMARK [2][-]{subsection.7.1.5}{\376\377\211\304\203\003\147\141\116\366\116\016\217\276\147\027\215\035\134\024\145\271\172\013}{section.7.1}% 105
\BOOKMARK [1][-]{section.7.2}{\376\377\117\115\171\373\165\065\155\101}{chapter.7}% 106
\BOOKMARK [2][-]{subsection.7.2.1}{\376\377\133\211\127\371\133\232\164\006\166\204\123\161\147\072}{section.7.2}% 107
\BOOKMARK [2][-]{subsection.7.2.2}{\376\377\236\246\121\113\145\257\227\346\166\204\117\356\153\143}{section.7.2}% 108
\BOOKMARK [1][-]{section.7.3}{\376\377\236\246\121\113\145\257\227\346\145\271\172\013\176\304\166\204\133\214\145\164\137\142\137\017}{chapter.7}% 109
\BOOKMARK [1][-]{section.7.4}{\376\377\165\065\170\301\127\072\200\375\221\317\116\016\127\141\123\160\136\367\167\342\221\317}{chapter.7}% 110
\BOOKMARK [2][-]{subsection.7.4.1}{\376\377\200\375\221\317\133\306\136\246}{section.7.4}% 111
\BOOKMARK [2][-]{subsection.7.4.2}{\376\377\127\141\123\160\136\367\167\342\221\317\116\016\200\375\221\317\133\210\140\122}{section.7.4}% 112
\BOOKMARK [2][-]{subsection.7.4.3}{\376\377\165\065\170\301\127\072\122\250\221\317\116\016\236\246\121\113\145\257\227\346\136\224\122\233\137\040\221\317}{section.7.4}% 113
\BOOKMARK [1][-]{tcb@cnt@tip.7.1}{\376\377\173\054\0007\172\340\226\217\130\002\201\352\155\113}{chapter.7}% 114
\BOOKMARK [1][-]{Item.224}{\376\377\173\054\0007\172\340\176\374\124\010\176\303\116\140\230\230}{chapter.7}% 115
\BOOKMARK [1][-]{Item.229}{\376\377\116\140\230\230\211\343\173\124}{chapter.7}% 116
\BOOKMARK [0][-]{chapter.8}{\376\377\165\065\170\301\154\342\166\204\117\040\144\255}{}% 117
\BOOKMARK [1][-]{section.8.1}{\376\377\154\342\122\250\145\271\172\013\166\204\143\250\133\374}{chapter.8}% 118
\BOOKMARK [2][-]{subsection.8.1.1}{\376\377\167\037\172\172\116\055\166\204\154\342\122\250\145\271\172\013}{section.8.1}% 119
\BOOKMARK [1][-]{section.8.2}{\376\377\136\163\227\142\165\065\170\301\154\342}{chapter.8}% 120
\BOOKMARK [2][-]{subsection.8.2.1}{\376\377\123\125\202\162\136\163\227\142\154\342\166\204\211\343}{section.8.2}% 121
\BOOKMARK [2][-]{subsection.8.2.2}{\376\377\152\052\154\342\140\047\215\050}{section.8.2}% 122
\BOOKMARK [1][-]{section.8.3}{\376\377\116\313\215\050\116\055\166\204\165\065\170\301\154\342}{chapter.8}% 123
\BOOKMARK [1][-]{section.8.4}{\376\377\165\065\170\301\154\342\127\050\133\374\117\123\116\055\166\204\117\040\144\255}{chapter.8}% 124
\BOOKMARK [1][-]{section.8.5}{\376\377\154\342\133\374\127\372\170\100}{chapter.8}% 125
\BOOKMARK [2][-]{subsection.8.5.1}{\376\377\167\351\137\142\154\342\133\374\166\204\000T\000E\000/\000T\000M\152\041\137\017}{section.8.5}% 126
\BOOKMARK [2][-]{subsection.8.5.2}{\376\377\142\052\153\142\230\221\163\207}{section.8.5}% 127
\BOOKMARK [2][-]{subsection.8.5.3}{\376\377\000T\000E\0001\0000\116\073\152\041\166\204\127\072\122\006\136\003}{section.8.5}% 128
\BOOKMARK [1][-]{section.8.6}{\376\377\202\162\145\143\116\016\155\033\117\046\121\171\152\041\127\213}{chapter.8}% 129
\BOOKMARK [2][-]{subsection.8.6.1}{\376\377\165\065\133\120\123\327\217\353\143\057\122\250\152\041\127\213}{section.8.6}% 130
\BOOKMARK [2][-]{subsection.8.6.2}{\376\377\153\143\136\070\202\162\145\143\116\016\123\315\136\070\202\162\145\143}{section.8.6}% 131
\BOOKMARK [1][-]{section.8.7}{\376\377\123\315\134\004\116\016\142\230\134\004}{chapter.8}% 132
\BOOKMARK [2][-]{subsection.8.7.1}{\376\377\203\362\155\205\134\024\121\154\137\017}{section.8.7}% 133
\BOOKMARK [2][-]{subsection.8.7.2}{\376\377\121\150\123\315\134\004\116\016\120\017\220\035\154\342}{section.8.7}% 134
\BOOKMARK [1][-]{tcb@cnt@tip.8.1}{\376\377\173\054\0008\172\340\226\217\130\002\201\352\155\113}{chapter.8}% 135
\BOOKMARK [1][-]{Item.250}{\376\377\173\054\0008\172\340\176\374\124\010\176\303\116\140\230\230}{chapter.8}% 136
\BOOKMARK [1][-]{Item.255}{\376\377\116\140\230\230\211\343\173\124}{chapter.8}% 137
\BOOKMARK [0][-]{chapter.9}{\376\377\165\065\170\301\154\342\166\204\217\220\134\004}{}% 138
\BOOKMARK [1][-]{section.9.1}{\376\377\143\250\217\337\122\277}{chapter.9}% 139
\BOOKMARK [2][-]{subsection.9.1.1}{\376\377\227\136\237\120\153\041\154\342\122\250\145\271\172\013}{section.9.1}% 140
\BOOKMARK [2][-]{subsection.9.1.2}{\376\377\143\250\217\337\211\343}{section.9.1}% 141
\BOOKMARK [1][-]{section.9.2}{\376\377\165\065\120\166\147\201\217\220\134\004}{chapter.9}% 142
\BOOKMARK [2][-]{subsection.9.2.1}{\376\377\165\065\120\166\147\201\217\220\134\004\127\072}{section.9.2}% 143
\BOOKMARK [2][-]{subsection.9.2.2}{\376\377\170\301\120\166\147\201\217\220\134\004}{section.9.2}% 144
\BOOKMARK [2][-]{subsection.9.2.3}{\376\377\217\220\134\004\122\237\163\207}{section.9.2}% 145
\BOOKMARK [1][-]{tcb@cnt@tip.9.1}{\376\377\173\054\0009\172\340\226\217\130\002\201\352\155\113}{chapter.9}% 146
\BOOKMARK [1][-]{Item.272}{\376\377\173\054\0009\172\340\176\374\124\010\176\303\116\140\230\230}{chapter.9}% 147
\BOOKMARK [1][-]{Item.277}{\376\377\116\140\230\230\211\343\173\124}{chapter.9}% 148
\BOOKMARK [0][-]{chapter.10}{\376\377\166\370\133\371\213\272\165\065\122\250\122\233\133\146}{}% 149
\BOOKMARK [1][-]{section.10.1}{\376\377\126\333\176\364\213\260\123\367\127\372\170\100}{chapter.10}% 150
\BOOKMARK [1][-]{section.10.2}{\376\377\155\033\117\046\121\171\123\330\143\142}{chapter.10}% 151
\BOOKMARK [1][-]{section.10.3}{\376\377\126\333\176\364\167\342\221\317\116\016\137\040\221\317}{chapter.10}% 152
\BOOKMARK [2][-]{subsection.10.3.1}{\376\377\126\333\176\364\145\366\172\172}{section.10.3}% 153
\BOOKMARK [2][-]{subsection.10.3.2}{\376\377\165\065\170\301\127\072\137\040\221\317}{section.10.3}% 154
\BOOKMARK [1][-]{section.10.4}{\376\377\126\333\176\364\165\065\170\301\122\277}{chapter.10}% 155
\BOOKMARK [1][-]{section.10.5}{\376\377\123\117\123\330\137\142\137\017\166\204\236\246\121\113\145\257\227\346\145\271\172\013\176\304}{chapter.10}% 156
\BOOKMARK [1][-]{section.10.6}{\376\377\136\046\165\065\174\222\133\120\127\050\165\065\170\301\127\072\116\055\166\204\217\320\122\250}{chapter.10}% 157
\BOOKMARK [2][-]{subsection.10.6.1}{\376\377\165\065\170\301\127\072\166\204\155\033\117\046\121\171\116\015\123\330\221\317}{section.10.6}% 158
\BOOKMARK [2][-]{subsection.10.6.2}{\376\377\116\011\176\364\116\016\126\333\176\364\213\355\212\000\133\371\161\147\210\150}{section.10.6}% 159
\BOOKMARK [1][-]{tcb@cnt@tip.10.2}{\376\377\173\054\0001\0000\172\340\226\217\130\002\201\352\155\113}{chapter.10}% 160
\BOOKMARK [1][-]{Item.295}{\376\377\173\054\0001\0000\172\340\176\374\124\010\176\303\116\140\230\230}{chapter.10}% 161
\BOOKMARK [1][-]{Item.300}{\376\377\116\140\230\230\211\343\173\124}{chapter.10}% 162
\BOOKMARK [0][-]{appendix.A}{\376\377\136\070\165\050\167\342\221\317\140\122\173\111\137\017}{}% 163
\BOOKMARK [0][-]{appendix.B}{\376\377\127\120\150\007\174\373\217\154\143\142\121\154\137\017}{}% 164
\BOOKMARK [0][-]{appendix.C}{\376\377\127\372\147\054\162\151\164\006\136\070\145\160}{}% 165
\BOOKMARK [0][-]{appendix.D}{\376\377\123\125\117\115\122\066\217\154\143\142\142\113\121\214}{}% 166
\BOOKMARK [1][-]{section.D.1}{\376\377\000S\000I\116\016\232\330\145\257\122\066\166\204\127\372\147\054\121\154\137\017\133\371\161\147}{appendix.D}% 167
\BOOKMARK [1][-]{section.D.2}{\376\377\136\070\145\160\133\371\161\147}{appendix.D}% 168
\BOOKMARK [0][-]{appendix.E}{\376\377\121\150\116\146\232\330\230\221\121\154\137\017\220\037\147\345\210\150}{}% 169
\BOOKMARK [1][-]{section.E.1}{\376\377\173\054\0001\172\340\377\032\167\342\221\317\122\006\147\220}{appendix.E}% 170
\BOOKMARK [1][-]{section.E.2}{\376\377\173\054\0002\040\023\0004\172\340\377\032\227\131\165\065\133\146}{appendix.E}% 171
\BOOKMARK [1][-]{section.E.3}{\376\377\173\054\0005\040\023\0006\172\340\377\032\227\131\170\301\133\146}{appendix.E}% 172
\BOOKMARK [1][-]{section.E.4}{\376\377\173\054\0007\172\340\377\032\236\246\121\113\145\257\227\346\145\271\172\013\176\304}{appendix.E}% 173
\BOOKMARK [1][-]{section.E.5}{\376\377\173\054\0008\172\340\377\032\165\065\170\301\154\342}{appendix.E}% 174
\BOOKMARK [1][-]{section.E.6}{\376\377\173\054\0009\172\340\377\032\217\220\134\004}{appendix.E}% 175
\BOOKMARK [1][-]{section.E.7}{\376\377\173\054\0001\0000\172\340\377\032\166\370\133\371\213\272\165\065\122\250\122\233\133\146}{appendix.E}% 176
\BOOKMARK [0][-]{appendix.F}{\376\377\121\150\116\146\232\330\230\221\146\023\225\031\160\271\154\107\140\073}{}% 177
\BOOKMARK [1][-]{section.F.1}{\376\377\173\054\0001\172\340\377\032\145\160\133\146\230\204\131\007}{appendix.F}% 178
\BOOKMARK [1][-]{section.F.2}{\376\377\173\054\0002\040\023\0004\172\340\377\032\227\131\165\065\133\146}{appendix.F}% 179
\BOOKMARK [1][-]{section.F.3}{\376\377\173\054\0005\040\023\0006\172\340\377\032\227\131\170\301\133\146}{appendix.F}% 180
\BOOKMARK [1][-]{section.F.4}{\376\377\173\054\0007\172\340\377\032\236\246\121\113\145\257\227\346\145\271\172\013\176\304}{appendix.F}% 181
\BOOKMARK [1][-]{section.F.5}{\376\377\173\054\0008\172\340\377\032\165\065\170\301\154\342}{appendix.F}% 182
\BOOKMARK [1][-]{section.F.6}{\376\377\173\054\0009\172\340\377\032\217\220\134\004}{appendix.F}% 183
\BOOKMARK [1][-]{section.F.7}{\376\377\173\054\0001\0000\172\340\377\032\166\370\133\371\213\272\165\065\122\250\122\233\133\146}{appendix.F}% 184
\BOOKMARK [0][-]{appendix.G}{\376\377\133\146\116\140\213\241\122\022\136\372\213\256}{}% 185
\BOOKMARK [1][-]{Item.346}{\376\377\153\317\172\340\201\352\150\300\156\005\123\125}{appendix.G}% 186
\BOOKMARK [0][-]{appendix.H}{\376\377\124\015\213\315\116\055\202\361\145\207\133\371\161\147\210\150}{}% 187
\BOOKMARK [1][-]{section.H.1}{\376\377\173\054\0001\172\340\377\032\145\160\133\146\230\204\131\007}{appendix.H}% 188
\BOOKMARK [1][-]{section.H.2}{\376\377\173\054\0002\040\023\0004\172\340\377\032\227\131\165\065\133\146}{appendix.H}% 189
\BOOKMARK [1][-]{section.H.3}{\376\377\173\054\0005\040\023\0006\172\340\377\032\227\131\170\301\133\146}{appendix.H}% 190
\BOOKMARK [1][-]{section.H.4}{\376\377\173\054\0007\172\340\377\032\236\246\121\113\145\257\227\346\145\271\172\013\176\304}{appendix.H}% 191
\BOOKMARK [1][-]{section.H.5}{\376\377\173\054\0008\172\340\377\032\165\065\170\301\154\342}{appendix.H}% 192
\BOOKMARK [1][-]{section.H.6}{\376\377\173\054\0009\172\340\377\032\165\065\170\301\217\220\134\004}{appendix.H}% 193
\BOOKMARK [1][-]{section.H.7}{\376\377\173\054\0001\0000\172\340\377\032\166\370\133\371\213\272\165\065\122\250\122\233\133\146}{appendix.H}% 194
\BOOKMARK [1][-]{section.H.8}{\376\377\136\070\165\050\162\151\164\006\136\070\145\160\124\015\171\360}{appendix.H}% 195
\BOOKMARK [0][-]{appendix.I}{\376\377\136\366\117\070\226\005\213\373\116\016\123\302\200\003\116\146\166\356}{}% 196
